// Jest Snapshot v1, https://goo.gl/fbAQLP

exports[`app site should be rendered 1`] = `
<div>
  <RouterElements />
</div>
`;
