// Jest Snapshot v1, https://goo.gl/fbAQLP

exports[`Header should be rendered 1`] = `
<div>
  header
</div>
`;
