// Jest Snapshot v1, https://goo.gl/fbAQLP

exports[`NoFound render should be rendered 1`] = `
<div>
  Error 404
</div>
`;
